   6.86880   6.86880   4.85698   0.00000   0.00000   0.00000   0.00000   3.43440   3.43440
